this file contains full mock data exported by exporter.