this file contains latest mock data exported by exporter.